%!Adobe-FontList 1.16
%Locale:0x404

%BeginFont
Handler:DirectoryHandler
FontType:Invalid
OutlineFileName:C:\Users\302C03\Desktop\合作專案\Font\華康行書體\華康行書體.rar
FileModTime:1511234898
%EndFont

%BeginFont
Handler:DirectoryHandler
FontType:TrueType
FontName:DFXingShu-W5-WIN-BF
FamilyName:DFXingShu-B5
StyleName:Regular
FullName:DFXingShu-B5
MenuName:華康行書體
StyleBits:0
FamilyNameNative:華康行書體
StyleNameNative:Regular
FullNameNative:華康行書體
WritingScript:TraditionalChinese
OutlineFileName:C:\Users\302C03\Desktop\合作專案\Font\華康行書體\行書體.TTC
TTCOffset:20
DataFormat:sfntData
FileLength:10186000
FileModTime:1167114710
WeightClass:400
WidthClass:5
AngleClass:0
NameArray:0,Mac,4,DFXingShu-B5
NameArray:2,Mac,4,華康行書體
NameArray:2,Win,1,華康行書體
NameArray:0,Win,1,DFXingShu-B5
%EndFont

%BeginFont
Handler:DirectoryHandler
FontType:TrueType
FontName:DFXingShu-W5-WINP-BF
FamilyName:DFPXingShu-B5
StyleName:Regular
FullName:DFPXingShu-B5
MenuName:華康行書體(P)
StyleBits:0
FamilyNameNative:華康行書體(P)
StyleNameNative:Regular
FullNameNative:華康行書體(P)
WritingScript:TraditionalChinese
OutlineFileName:C:\Users\302C03\Desktop\合作專案\Font\華康行書體\行書體.TTC
TTCOffset:304
DataFormat:sfntData
FileLength:10186000
FileModTime:1167114710
WeightClass:400
WidthClass:5
AngleClass:0
NameArray:0,Mac,4,DFPXingShu-B5
NameArray:2,Mac,4,華康行書體(P)
NameArray:2,Win,1,華康行書體(P)
NameArray:0,Win,1,DFPXingShu-B5
%EndFont

%BeginFont
Handler:DirectoryHandler
FontType:TrueType
FontName:DFYuan-Lt-HK-BF
FamilyName:DFYuanLight-B5
StyleName:Regular
FullName:DFYuanLight-B5
MenuName:華康細圓體
StyleBits:0
FamilyNameNative:華康細圓體
StyleNameNative:Regular
FullNameNative:華康細圓體
WritingScript:TraditionalChinese
OutlineFileName:C:\Users\302C03\Desktop\合作專案\Font\華康細圓體\細圓體.ttc
TTCOffset:20
DataFormat:sfntData
FileLength:11278276
FileModTime:1128050858
WeightClass:400
WidthClass:5
AngleClass:0
NameArray:0,Mac,4,DFYuanLight-B5
NameArray:2,Mac,4,華康細圓體
NameArray:2,Win,1,華康細圓體
NameArray:0,Win,1,DFYuanLight-B5
%EndFont

%BeginFont
Handler:DirectoryHandler
FontType:TrueType
FontName:DFYuan-Lt-HKP-BF
FamilyName:DFPYuanLight-B5
StyleName:Regular
FullName:DFPYuanLight-B5
MenuName:華康細圓體(P)
StyleBits:0
FamilyNameNative:華康細圓體(P)
StyleNameNative:Regular
FullNameNative:華康細圓體(P)
WritingScript:TraditionalChinese
OutlineFileName:C:\Users\302C03\Desktop\合作專案\Font\華康細圓體\細圓體.ttc
TTCOffset:304
DataFormat:sfntData
FileLength:11278276
FileModTime:1128050858
WeightClass:400
WidthClass:5
AngleClass:0
NameArray:0,Mac,4,DFPYuanLight-B5
NameArray:2,Mac,4,華康細圓體(P)
NameArray:2,Win,1,華康細圓體(P)
NameArray:0,Win,1,DFPYuanLight-B5
%EndFont

%BeginFont
Handler:DirectoryHandler
FontType:Invalid
OutlineFileName:C:\Users\302C03\Desktop\合作專案\Font\華康細圓體\華康細圓體.rar
FileModTime:1511234838
%EndFont

%BeginFont
Handler:DirectoryHandler
FontType:TrueType
FontName:DFHei-Bd-HK-BF
FamilyName:DFHeiBold-B5
StyleName:Regular
FullName:DFHeiBold-B5
MenuName:華康粗黑體
StyleBits:0
FamilyNameNative:華康粗黑體
StyleNameNative:Regular
FullNameNative:華康粗黑體
WritingScript:TraditionalChinese
OutlineFileName:C:\Users\302C03\Desktop\合作專案\Font\華康粗黑體\粗黑體.ttc
TTCOffset:20
DataFormat:sfntData
FileLength:7125400
FileModTime:1128050826
WeightClass:400
WidthClass:5
AngleClass:0
NameArray:0,Mac,4,DFHeiBold-B5
NameArray:2,Mac,4,華康粗黑體
NameArray:2,Win,1,華康粗黑體
NameArray:0,Win,1,DFHeiBold-B5
%EndFont

%BeginFont
Handler:DirectoryHandler
FontType:TrueType
FontName:DFHei-Bd-HKP-BF
FamilyName:DFPHeiBold-B5
StyleName:Regular
FullName:DFPHeiBold-B5
MenuName:華康粗黑體(P)
StyleBits:0
FamilyNameNative:華康粗黑體(P)
StyleNameNative:Regular
FullNameNative:華康粗黑體(P)
WritingScript:TraditionalChinese
OutlineFileName:C:\Users\302C03\Desktop\合作專案\Font\華康粗黑體\粗黑體.ttc
TTCOffset:304
DataFormat:sfntData
FileLength:7125400
FileModTime:1128050826
WeightClass:400
WidthClass:5
AngleClass:0
NameArray:0,Mac,4,DFPHeiBold-B5
NameArray:2,Mac,4,華康粗黑體(P)
NameArray:2,Win,1,華康粗黑體(P)
NameArray:0,Win,1,DFPHeiBold-B5
%EndFont

%BeginFont
Handler:DirectoryHandler
FontType:Invalid
OutlineFileName:C:\Users\302C03\Desktop\合作專案\Font\華康粗黑體\華康粗黑體.rar
FileModTime:1511234852
%EndFont

%BeginFont
Handler:DirectoryHandler
FontType:TrueType
FontName:DFYuan-Bd-HK-BF
FamilyName:DFYuanBold-B5
StyleName:Regular
FullName:DFYuanBold-B5
MenuName:華康粗圓體
StyleBits:0
FamilyNameNative:華康粗圓體
StyleNameNative:Regular
FullNameNative:華康粗圓體
WritingScript:TraditionalChinese
OutlineFileName:C:\Users\302C03\Desktop\合作專案\Font\華康粗圓體\粗圓體.ttc
TTCOffset:20
DataFormat:sfntData
FileLength:10249152
FileModTime:1128050918
WeightClass:400
WidthClass:5
AngleClass:0
NameArray:0,Mac,4,DFYuanBold-B5
NameArray:2,Mac,4,華康粗圓體
NameArray:2,Win,1,華康粗圓體
NameArray:0,Win,1,DFYuanBold-B5
%EndFont

%BeginFont
Handler:DirectoryHandler
FontType:TrueType
FontName:DFYuan-Bd-HKP-BF
FamilyName:DFPYuanBold-B5
StyleName:Regular
FullName:DFPYuanBold-B5
MenuName:華康粗圓體(P)
StyleBits:0
FamilyNameNative:華康粗圓體(P)
StyleNameNative:Regular
FullNameNative:華康粗圓體(P)
WritingScript:TraditionalChinese
OutlineFileName:C:\Users\302C03\Desktop\合作專案\Font\華康粗圓體\粗圓體.ttc
TTCOffset:304
DataFormat:sfntData
FileLength:10249152
FileModTime:1128050918
WeightClass:400
WidthClass:5
AngleClass:0
NameArray:0,Mac,4,DFPYuanBold-B5
NameArray:2,Mac,4,華康粗圓體(P)
NameArray:2,Win,1,華康粗圓體(P)
NameArray:0,Win,1,DFPYuanBold-B5
%EndFont

%BeginFont
Handler:DirectoryHandler
FontType:Invalid
OutlineFileName:C:\Users\302C03\Desktop\合作專案\Font\華康粗圓體\華康粗圓體.rar
FileModTime:1511234904
%EndFont

%BeginFont
Handler:DirectoryHandler
FontType:TrueType
FontName:DFChu-W4-WIN-BF
FamilyName:DFChuW4-B5
StyleName:Regular
FullName:DFChuW4-B5
MenuName:華康竹風體W4
StyleBits:0
FamilyNameNative:華康竹風體W4
StyleNameNative:Regular
FullNameNative:華康竹風體W4
WritingScript:TraditionalChinese
OutlineFileName:C:\Users\302C03\Desktop\合作專案\Font\華康竹風體\竹風體W4.ttc
TTCOffset:20
DataFormat:sfntData
FileLength:11908556
FileModTime:1151226090
WeightClass:400
WidthClass:5
AngleClass:0
NameArray:0,Mac,4,DFChuW4-B5
NameArray:2,Mac,4,華康竹風體W4
NameArray:2,Win,1,華康竹風體W4
NameArray:0,Win,1,DFChuW4-B5
%EndFont

%BeginFont
Handler:DirectoryHandler
FontType:TrueType
FontName:DFChu-W4-WINP-BF
FamilyName:DFPChuW4-B5
StyleName:Regular
FullName:DFPChuW4-B5
MenuName:華康竹風體W4(P)
StyleBits:0
FamilyNameNative:華康竹風體W4(P)
StyleNameNative:Regular
FullNameNative:華康竹風體W4(P)
WritingScript:TraditionalChinese
OutlineFileName:C:\Users\302C03\Desktop\合作專案\Font\華康竹風體\竹風體W4.ttc
TTCOffset:304
DataFormat:sfntData
FileLength:11908556
FileModTime:1151226090
WeightClass:400
WidthClass:5
AngleClass:0
NameArray:0,Mac,4,DFPChuW4-B5
NameArray:2,Mac,4,華康竹風體W4(P)
NameArray:2,Win,1,華康竹風體W4(P)
NameArray:0,Win,1,DFPChuW4-B5
%EndFont

%BeginFont
Handler:DirectoryHandler
FontType:Invalid
OutlineFileName:C:\Users\302C03\Desktop\合作專案\Font\華康竹風體\華康竹風體.rar
FileModTime:1511234878
%EndFont

%BeginFont
Handler:DirectoryHandler
FontType:TrueType
FontName:DFEr-W4-WIN-BF
FamilyName:DFErW4-B5
StyleName:Regular
FullName:DFErW4-B5
MenuName:華康兒風體W4
StyleBits:0
FamilyNameNative:華康兒風體W4
StyleNameNative:Regular
FullNameNative:華康兒風體W4
WritingScript:TraditionalChinese
OutlineFileName:C:\Users\302C03\Desktop\合作專案\Font\華康兒風體\兒風體W4.ttc
TTCOffset:20
DataFormat:sfntData
FileLength:8524216
FileModTime:1158810950
WeightClass:400
WidthClass:5
AngleClass:0
NameArray:0,Mac,4,DFErW4-B5
NameArray:2,Mac,4,華康兒風體W4
NameArray:2,Win,1,華康兒風體W4
NameArray:0,Win,1,DFErW4-B5
%EndFont

%BeginFont
Handler:DirectoryHandler
FontType:TrueType
FontName:DFEr-W4-WINP-BF
FamilyName:DFPErW4-B5
StyleName:Regular
FullName:DFPErW4-B5
MenuName:華康兒風體W4(P)
StyleBits:0
FamilyNameNative:華康兒風體W4(P)
StyleNameNative:Regular
FullNameNative:華康兒風體W4(P)
WritingScript:TraditionalChinese
OutlineFileName:C:\Users\302C03\Desktop\合作專案\Font\華康兒風體\兒風體W4.ttc
TTCOffset:304
DataFormat:sfntData
FileLength:8524216
FileModTime:1158810950
WeightClass:400
WidthClass:5
AngleClass:0
NameArray:0,Mac,4,DFPErW4-B5
NameArray:2,Mac,4,華康兒風體W4(P)
NameArray:2,Win,1,華康兒風體W4(P)
NameArray:0,Win,1,DFPErW4-B5
%EndFont

%BeginFont
Handler:DirectoryHandler
FontType:Invalid
OutlineFileName:C:\Users\302C03\Desktop\合作專案\Font\華康兒風體\華康兒風體.rar
FileModTime:1511234816
%EndFont

